// Jest Snapshot v1, https://goo.gl/fbAQLP

exports[`AgentSummary Component Snapshot should match existing snapshot 1`] = `
<div
  className="agent"
>
  <span
    className="ant-avatar ant-avatar-lg ant-avatar-circle ant-avatar-image"
    style={Object {}}
  >
    <img
      onError={[Function]}
      src="demo_avatar_url.jpg"
    />
  </span>
  <div
    className="agent-summary"
  >
    <div
      className="agent-summary-rating"
    >
      <div
        className="agent-summary-name"
      >
        shil
         
        last
      </div>
    </div>
    <div
      className="agent-summary-brokerage"
    >
      
    </div>
  </div>
</div>
`;
