// Jest Snapshot v1, https://goo.gl/fbAQLP

exports[`ConsumerJobItem Component Render Component Snapshot should match existing snapshot 1`] = `
<div
  className="job"
>
  <Modal
    cancelButtonDisabled={false}
    confirmLoading={false}
    footer={null}
    maskTransitionName="fade"
    okButtonDisabled={false}
    okType="primary"
    onCancel={[Function]}
    prefixCls="ant-modal"
    title="Edit posting"
    transitionName="zoom"
    visible={false}
    width={520}
  >
    <Form(EditJobTitle)
      closeModal={[Function]}
      intl={
        Object {
          "defaultFormats": Object {},
          "defaultLocale": "en",
          "formatDate": [Function],
          "formatHTMLMessage": [Function],
          "formatMessage": [Function],
          "formatNumber": [Function],
          "formatPlural": [Function],
          "formatRelative": [Function],
          "formatTime": [Function],
          "formats": Object {},
          "formatters": Object {
            "getDateTimeFormat": [Function],
            "getMessageFormat": [Function],
            "getNumberFormat": [Function],
            "getPluralFormat": [Function],
            "getRelativeFormat": [Function],
          },
          "locale": "en",
          "messages": Object {
            "defaultTitle": "Default Title",
            "editPostingTitle": "Edit posting",
            "offer.confirmation": "Confirm",
            "proposals": "Proposals",
          },
          "now": [Function],
          "textComponent": "span",
        }
      }
      resetTitle={false}
      submitNewTitle={[Function]}
      title="austin"
    />
  </Modal>
  <Modal
    cancelButtonDisabled={false}
    confirmLoading={false}
    footer={null}
    maskTransitionName="fade"
    okButtonDisabled={false}
    okType="primary"
    onCancel={[Function]}
    prefixCls="ant-modal"
    title="Confirm"
    transitionName="zoom"
    visible={false}
    width={520}
  >
    <ConsumerJobDeleteConfirmation
      closeModal={[Function]}
      deleteJob={[Function]}
      intl={
        Object {
          "defaultFormats": Object {},
          "defaultLocale": "en",
          "formatDate": [Function],
          "formatHTMLMessage": [Function],
          "formatMessage": [Function],
          "formatNumber": [Function],
          "formatPlural": [Function],
          "formatRelative": [Function],
          "formatTime": [Function],
          "formats": Object {},
          "formatters": Object {
            "getDateTimeFormat": [Function],
            "getMessageFormat": [Function],
            "getNumberFormat": [Function],
            "getPluralFormat": [Function],
            "getRelativeFormat": [Function],
          },
          "locale": "en",
          "messages": Object {
            "defaultTitle": "Default Title",
            "editPostingTitle": "Edit posting",
            "offer.confirmation": "Confirm",
            "proposals": "Proposals",
          },
          "now": [Function],
          "textComponent": "span",
        }
      }
      jobId="123abc"
      jobType="buy"
    />
  </Modal>
  <Link
    replace={false}
    to="/my-dashboard/postings/buy/123abc"
  >
    <Item>
      <Row
        gutter={0}
      >
        <Col
          className="job-picture"
          span={4}
        >
          <img
            src="file-mock"
          />
        </Col>
        <Col
          span={8}
        >
          <Row
            className="job-first"
            gutter={0}
          >
            <Col
              span={6}
            >
              <Col
                span={10}
              >
                <strong>
                  <p
                    className="job-first-title"
                  >
                    austin
                  </p>
                </strong>
                <p
                  className="job-first-propertyType"
                >
                  <small>
                    rental
                  </small>
                </p>
              </Col>
              <Col
                span={2}
              >
                <Icon
                  onClick={[Function]}
                  type="edit"
                />
              </Col>
            </Col>
            <Col
              span={3}
            >
              <p
                className="job-first-job-date"
              >
                <small>
                  December 10, 2017
                </small>
              </p>
            </Col>
            <Col
              span={3}
            >
              <p
                className="job-first-closed"
              >
                open
              </p>
            </Col>
          </Row>
          <Row
            className="job-second"
            gutter={0}
          >
            <Col
              span={12}
            >
              <Col
                span={12}
              >
                <p
                  className="job-second-description"
                >
                  this is open
                </p>
              </Col>
            </Col>
          </Row>
          <Row
            className="job-third"
            gutter={0}
          >
            <Col
              span={12}
            >
              <Col
                span={4}
              >
                <Icon
                  type="compass"
                />
                 
                austin
              </Col>
              <Col
                span={5}
              >
                $
                 - 
                $
              </Col>
              <Col
                span={2}
              >
                <BathroomNoBorder />
                <span
                  className="job-third-bathCount"
                >
                  0
                </span>
                <BedIconNoBorder />
                <span
                  className="job-third-bedCount"
                >
                  0
                </span>
              </Col>
              <Col
                span={1}
              >
                <FaTrashO
                  onClick={[Function]}
                  size={16}
                />
              </Col>
            </Col>
          </Row>
        </Col>
      </Row>
      <Col
        className="job-fourth"
        span={2}
        style={
          Object {
            "textAlign": "center",
          }
        }
      >
        <h2>
          12
        </h2>
        <p>
          Proposals
        </p>
      </Col>
    </Item>
  </Link>
</div>
`;
