// Jest Snapshot v1, https://goo.gl/fbAQLP

exports[`BoxCollapsible ComponentSnapshot should match existing snapshot 1`] = `
<div
  className="box-collapsible-holder component"
>
  <input
    className="box-collapsible-toggle"
    defaultChecked={true}
    id="collapsible"
    type="checkbox"
  />
  <div
    className="box-collapsible"
  >
    <label
      className="box-collapsible-label"
      htmlFor="collapsible"
    />
    <div
      className="box-collapsible-content"
    >
      <div
        className="box-collapsible-content-inner"
      >
        abc
      </div>
    </div>
  </div>
</div>
`;
