// Jest Snapshot v1, https://goo.gl/fbAQLP

exports[`RegistrationLogo Component Component Snapshot should match stored snapshot 1`] = `
<div
  className="consumer-registration-img consumer-registration-img-2"
>
  <img
    className="consumer-registration-logo"
    src={
      Object {
        "default": "file-mock",
      }
    }
  />
</div>
`;
