// Jest Snapshot v1, https://goo.gl/fbAQLP

exports[`Terms And Conditions Container Snapshot should match stored snapshot 1`] = `
<div>
  By checking this box you confirm that you have read and agree to the 
  <span
    className="accept-terms-link"
  >
    <a
      href="https://corp.nobul.com/legal/terms-and-conditions/"
      rel="noopener noreferrer"
      target="_blank"
    >
      Terms of Service
    </a>
  </span>
   and that you have read our Privacy Policy.
</div>
`;
