// Jest Snapshot v1, https://goo.gl/fbAQLP

exports[`ConsumerAcceptDeclineCard Component Snapshot should matched stored snapshot 1`] = `
<div
  className="consumer-card"
>
  <div
    className="consumer-card__header"
  >
    <div
      className="consumer-card__title"
    >
      Do you want to accept the agent's offer?
    </div>
  </div>
  <div
    className="consumer-card__body"
  >
    <div
      className="consumer-card__text-container"
    >
      <div
        className="consumer-card__text"
      >
        By clicking ACCEPT, I agree to schedule a meeting with this real estate agent based on their proposed offer. I acknowledge that doing so will dismiss all other offers(if applicable); I understand that the relationship between myself and the real estate agent is not binding until a Buyer Representation Agreement or Listing Agreement is signed by both parties.
      </div>
    </div>
    <div
      className="consumer-card__buttons"
    >
      <div
        className="accept-decline-buttons"
      >
        <div
          className="accept-decline-buttons__accept"
        >
          <button
            className="ant-btn decline-button ant-btn-lg"
            onClick={[Function]}
            type="button"
          >
            <span>
              Decline
            </span>
          </button>
        </div>
        <div
          className="accept-decline-buttons__decline"
        >
          <button
            className="ant-btn accept-button ant-btn-primary ant-btn-lg"
            onClick={[Function]}
            type="button"
          >
            <span>
              Accept
            </span>
          </button>
        </div>
      </div>
    </div>
  </div>
</div>
`;
