// Jest Snapshot v1, https://goo.gl/fbAQLP

exports[`ProgressBar Component Snapshot should match existing snapshot 1`] = `
<div
  className="progress-bar"
>
  <div
    className="ant-progress ant-progress-line ant-progress-status-normal ant-progress-show-info ant-progress-default"
  >
    <div>
      <div
        className="ant-progress-outer"
      >
        <div
          className="ant-progress-inner"
        >
          <div
            className="ant-progress-bg"
            style={
              Object {
                "background": undefined,
                "borderRadius": "100px",
                "height": 8,
                "width": "40%",
              }
            }
          />
        </div>
      </div>
      <span
        className="ant-progress-text"
      >
        40%
      </span>
    </div>
  </div>
</div>
`;
