// Jest Snapshot v1, https://goo.gl/fbAQLP

exports[`ButtonGroupFormItem Component Component Snapshot should match stored snapshot 1`] = `
<div
  className="consumer-registration-button-group"
>
  <div
    className="ant-row ant-form-item"
  >
    <div
      className="ant-form-item-control-wrapper"
    >
      <div
        className="ant-form-item-control"
      >
        <span
          className="ant-form-item-children"
        >
          <button
            className="ant-btn consumer-registration-button-item button-next ant-btn-primary ant-btn-lg"
            disabled={true}
            onClick={[Function]}
            type="submit"
          >
            <span>
              Submitted
            </span>
          </button>
        </span>
      </div>
    </div>
  </div>
</div>
`;
