// Jest Snapshot v1, https://goo.gl/fbAQLP

exports[`Header Component Render Component Snapshot should match stored snapshot 1`] = `
<div
  className="header"
>
  <div
    className="header-logo"
  >
    <Link
      replace={false}
      to="/"
    >
      <img
        alt="Logo alt text"
        onClick={[Function]}
        src={
          Object {
            "default": "file-mock",
          }
        }
      />
    </Link>
    <Connect(Devices)
      sizes={
        Array [
          "mobile",
          "tablet",
        ]
      }
    >
      <AgentUserSettings
        hideMenu={[Function]}
        isLoggedIn={true}
        isMobile={true}
        showMenu={false}
        toggleMenu={[Function]}
      />
    </Connect(Devices)>
  </div>
  <Desktop>
    <div
      className="header-navigation"
    >
      <ActivityIndicator
        size="small"
        spinning={true}
      >
        <div
          className="header-navigation-settings"
        >
          <AgentUserSettings
            hideMenu={[Function]}
            isHomePage={false}
            isLoggedIn={true}
            isMobile={true}
            showMenu={false}
            toggleMenu={[Function]}
          />
          <Connect(UserWelcome)
            history={
              Object {
                "location": Object {},
                "push": [Function],
              }
            }
            intl={
              Object {
                "defaultFormats": Object {},
                "defaultLocale": "en",
                "formatDate": [Function],
                "formatHTMLMessage": [Function],
                "formatMessage": [Function],
                "formatNumber": [Function],
                "formatPlural": [Function],
                "formatRelative": [Function],
                "formatTime": [Function],
                "formats": Object {},
                "formatters": Object {
                  "getDateTimeFormat": [Function],
                  "getMessageFormat": [Function],
                  "getNumberFormat": [Function],
                  "getPluralFormat": [Function],
                  "getRelativeFormat": [Function],
                },
                "locale": "en",
                "messages": Object {
                  "home": "Logo alt text",
                },
                "now": [Function],
                "textComponent": "span",
              }
            }
            isHomePage={false}
            signOut={[Function]}
          />
        </div>
      </ActivityIndicator>
    </div>
  </Desktop>
  <Connect(Devices)
    sizes={
      Array [
        "mobile",
        "tablet",
      ]
    }
  >
    <div
      className="header-navigation"
    >
      <Connect(UserWelcome)
        history={
          Object {
            "location": Object {},
            "push": [Function],
          }
        }
        intl={
          Object {
            "defaultFormats": Object {},
            "defaultLocale": "en",
            "formatDate": [Function],
            "formatHTMLMessage": [Function],
            "formatMessage": [Function],
            "formatNumber": [Function],
            "formatPlural": [Function],
            "formatRelative": [Function],
            "formatTime": [Function],
            "formats": Object {},
            "formatters": Object {
              "getDateTimeFormat": [Function],
              "getMessageFormat": [Function],
              "getNumberFormat": [Function],
              "getPluralFormat": [Function],
              "getRelativeFormat": [Function],
            },
            "locale": "en",
            "messages": Object {
              "home": "Logo alt text",
            },
            "now": [Function],
            "textComponent": "span",
          }
        }
        signOut={[Function]}
      />
      <Connect(withRouter(TopMenu))
        intl={
          Object {
            "defaultFormats": Object {},
            "defaultLocale": "en",
            "formatDate": [Function],
            "formatHTMLMessage": [Function],
            "formatMessage": [Function],
            "formatNumber": [Function],
            "formatPlural": [Function],
            "formatRelative": [Function],
            "formatTime": [Function],
            "formats": Object {},
            "formatters": Object {
              "getDateTimeFormat": [Function],
              "getMessageFormat": [Function],
              "getNumberFormat": [Function],
              "getPluralFormat": [Function],
              "getRelativeFormat": [Function],
            },
            "locale": "en",
            "messages": Object {
              "home": "Logo alt text",
            },
            "now": [Function],
            "textComponent": "span",
          }
        }
        isLoggedIn={true}
        isMobile={true}
        toggleMenu={[Function]}
      />
    </div>
  </Connect(Devices)>
</div>
`;
