// Jest Snapshot v1, https://goo.gl/fbAQLP

exports[`Home Component Component Snapshot should match existing snapshot 1`] = `
<div>
  <h2>
    Hello World at 4:36 pm!
  </h2>
  <p>
    Lorem ipsum dolor sit amet, consectetur adipiscing elit. Nullam quam eros, luctus a metus eu, euismod pulvinar velit. Phasellus sagittis nisi eget malesuada aliquet. Donec sapien orci, rutrum vel blandit eu, scelerisque in metus. Sed in interdum tortor. Etiam suscipit condimentum felis et bibendum. Praesent consequat pellentesque faucibus. Pellentesque habitant morbi tristique senectus et netus et malesuada fames ac turpis egestas. Mauris scelerisque massa eget felis porta, sit amet egestas ex tempor.
  </p>
</div>
`;
