// Jest Snapshot v1, https://goo.gl/fbAQLP

exports[`Consumer Registration Container Snapshot should match stored snapshot 1`] = `
<div
  className="consumer-registration-container "
>
  <div
    className="consumer-registration"
  >
    <div
      className="consumer-registration-img consumer-registration-img-2"
    >
      <img
        className="consumer-registration-logo"
        src={
          Object {
            "default": "file-mock",
          }
        }
      />
    </div>
    <div
      className="consumer-registration-form registration-container"
    >
      <h2
        className="header-step header-step-2"
      >
        Join Nobul
      </h2>
      <form
        className="ant-form ant-form-horizontal consumer-registration-form-form"
        onSubmit={[Function]}
      >
        <div>
          <div
            className="ant-row"
          >
            <div
              className="ant-col-xs-12 ant-col-sm-6 ant-col-lg-6"
              mg={6}
            >
              <div
                className="ant-row ant-form-item"
              >
                <div
                  className="ant-form-item-label"
                >
                  <label
                    className="ant-form-item-required"
                    htmlFor="firstName"
                    onClick={[Function]}
                    title="First Name"
                  >
                    First Name
                  </label>
                </div>
                <div
                  className="ant-form-item-control-wrapper"
                >
                  <div
                    className="ant-form-item-control"
                  >
                    <span
                      className="ant-form-item-children"
                    >
                      <input
                        className="ant-input"
                        data-__field={
                          Object {
                            "name": "firstName",
                          }
                        }
                        data-__meta={
                          Object {
                            "initialValue": "",
                            "name": "firstName",
                            "normalize": [Function],
                            "originalProps": Object {
                              "disabled": false,
                              "prefixCls": "ant-input",
                              "type": "text",
                            },
                            "ref": null,
                            "rules": Array [
                              Object {
                                "message": "First Name is required",
                                "required": true,
                                "whitespace": true,
                              },
                            ],
                            "trigger": "onChange",
                            "validate": Array [
                              Object {
                                "rules": Array [
                                  Object {
                                    "message": "First Name is required",
                                    "required": true,
                                    "whitespace": true,
                                  },
                                ],
                                "trigger": Array [
                                  "onChange",
                                ],
                              },
                            ],
                            "valuePropName": "value",
                          }
                        }
                        disabled={false}
                        id="firstName"
                        onChange={[Function]}
                        onKeyDown={[Function]}
                        type="text"
                        value=""
                      />
                    </span>
                  </div>
                </div>
              </div>
            </div>
            <div
              className="ant-col-xs-12 ant-col-sm-6 ant-col-lg-6"
              mg={6}
            >
              <div
                className="ant-row ant-form-item"
              >
                <div
                  className="ant-form-item-label"
                >
                  <label
                    className="ant-form-item-required"
                    htmlFor="lastName"
                    onClick={[Function]}
                    title="Last Name"
                  >
                    Last Name
                  </label>
                </div>
                <div
                  className="ant-form-item-control-wrapper"
                >
                  <div
                    className="ant-form-item-control"
                  >
                    <span
                      className="ant-form-item-children"
                    >
                      <input
                        className="ant-input"
                        data-__field={
                          Object {
                            "name": "lastName",
                          }
                        }
                        data-__meta={
                          Object {
                            "initialValue": "",
                            "name": "lastName",
                            "normalize": [Function],
                            "originalProps": Object {
                              "disabled": false,
                              "prefixCls": "ant-input",
                              "type": "text",
                            },
                            "ref": null,
                            "rules": Array [
                              Object {
                                "message": "Last Name is required",
                                "required": true,
                                "whitespace": true,
                              },
                            ],
                            "trigger": "onChange",
                            "validate": Array [
                              Object {
                                "rules": Array [
                                  Object {
                                    "message": "Last Name is required",
                                    "required": true,
                                    "whitespace": true,
                                  },
                                ],
                                "trigger": Array [
                                  "onChange",
                                ],
                              },
                            ],
                            "valuePropName": "value",
                          }
                        }
                        disabled={false}
                        id="lastName"
                        onChange={[Function]}
                        onKeyDown={[Function]}
                        type="text"
                        value=""
                      />
                    </span>
                  </div>
                </div>
              </div>
            </div>
          </div>
          <div
            className="ant-row"
          >
            <div
              className="ant-col-xs-12 ant-col-sm-6 ant-col-lg-6"
              mg={6}
            >
              <div
                className="ant-row ant-form-item"
              >
                <div
                  className="ant-form-item-label"
                >
                  <label
                    className="ant-form-item-required"
                    htmlFor="email"
                    onClick={[Function]}
                    title="Email"
                  >
                    Email
                  </label>
                </div>
                <div
                  className="ant-form-item-control-wrapper"
                >
                  <div
                    className="ant-form-item-control"
                  >
                    <span
                      className="ant-form-item-children"
                    >
                      <input
                        className="ant-input"
                        data-__field={
                          Object {
                            "name": "email",
                          }
                        }
                        data-__meta={
                          Object {
                            "name": "email",
                            "normalize": [Function],
                            "originalProps": Object {
                              "disabled": false,
                              "onKeyDown": [Function],
                              "prefixCls": "ant-input",
                              "type": "text",
                            },
                            "ref": null,
                            "rules": Array [
                              Object {
                                "message": "Enter a valid email",
                                "type": "email",
                              },
                              Object {
                                "message": "Email is required",
                                "required": true,
                              },
                              Object {
                                "validator": [Function],
                              },
                            ],
                            "trigger": "onChange",
                            "validate": Array [
                              Object {
                                "rules": Array [
                                  Object {
                                    "message": "Enter a valid email",
                                    "type": "email",
                                  },
                                  Object {
                                    "message": "Email is required",
                                    "required": true,
                                  },
                                  Object {
                                    "validator": [Function],
                                  },
                                ],
                                "trigger": Array [
                                  "onChange",
                                ],
                              },
                            ],
                            "valuePropName": "value",
                          }
                        }
                        disabled={false}
                        id="email"
                        onChange={[Function]}
                        onKeyDown={[Function]}
                        type="text"
                        value=""
                      />
                    </span>
                  </div>
                </div>
              </div>
            </div>
            <div
              className="ant-col-xs-12 ant-col-sm-6 ant-col-lg-6"
              mg={6}
            >
              <div
                className="ant-row ant-form-item"
              >
                <div
                  className="ant-form-item-label"
                >
                  <label
                    className="ant-form-item-required"
                    htmlFor="phone"
                    onClick={[Function]}
                    title="Phone Number"
                  >
                    Phone Number
                  </label>
                </div>
                <div
                  className="ant-form-item-control-wrapper"
                >
                  <div
                    className="ant-form-item-control"
                  >
                    <span
                      className="ant-form-item-children"
                    >
                      <span
                        className="ant-input-group-wrapper"
                        style={
                          Object {
                            "width": "100%",
                          }
                        }
                      >
                        <span
                          className="ant-input-wrapper ant-input-group"
                        >
                          <span
                            className="ant-input-group-addon"
                          >
                            <div
                              className="ant-select ant-select-enabled"
                              id="phonePrefix"
                              onBlur={[Function]}
                              onClick={[Function]}
                              onFocus={[Function]}
                              onMouseDown={[Function]}
                              onTouchStart={[Function]}
                              style={
                                Object {
                                  "width": 70,
                                }
                              }
                            >
                              <div
                                aria-autocomplete="list"
                                aria-expanded={false}
                                aria-haspopup="true"
                                className="ant-select-selection
            ant-select-selection--single"
                                data-__field={
                                  Object {
                                    "name": "phonePrefix",
                                  }
                                }
                                data-__meta={
                                  Object {
                                    "initialValue": "1",
                                    "name": "phonePrefix",
                                    "originalProps": Object {
                                      "getPrefix": [Function],
                                    },
                                    "ref": null,
                                    "trigger": "onChange",
                                    "validate": Array [],
                                    "valuePropName": "value",
                                  }
                                }
                                onKeyDown={[Function]}
                                role="combobox"
                                tabIndex={0}
                              >
                                <div
                                  className="ant-select-selection__rendered"
                                >
                                  <div
                                    className="ant-select-selection-selected-value"
                                    style={
                                      Object {
                                        "display": "block",
                                        "opacity": 1,
                                      }
                                    }
                                    title="1"
                                  >
                                    1
                                  </div>
                                </div>
                                <span
                                  className="ant-select-arrow"
                                  onClick={[Function]}
                                  style={
                                    Object {
                                      "WebkitUserSelect": "none",
                                      "userSelect": "none",
                                    }
                                  }
                                  unselectable="on"
                                >
                                  <b />
                                </span>
                              </div>
                            </div>
                          </span>
                          <input
                            className="ant-input"
                            data-__field={
                              Object {
                                "name": "phone",
                              }
                            }
                            data-__meta={
                              Object {
                                "initialValue": "",
                                "name": "phone",
                                "normalize": [Function],
                                "originalProps": Object {
                                  "addonBefore": <PrefixSelector
                                    data-__field={
                                      Object {
                                        "name": "phonePrefix",
                                      }
                                    }
                                    data-__meta={
                                      Object {
                                        "initialValue": "1",
                                        "name": "phonePrefix",
                                        "originalProps": Object {
                                          "getPrefix": [Function],
                                        },
                                        "ref": null,
                                        "trigger": "onChange",
                                        "validate": Array [],
                                        "valuePropName": "value",
                                      }
                                    }
                                    getPrefix={[Function]}
                                    id="phonePrefix"
                                    onChange={[Function]}
                                    value="1"
                                  />,
                                  "disabled": false,
                                  "prefixCls": "ant-input",
                                  "style": Object {
                                    "width": "100%",
                                  },
                                  "type": "text",
                                },
                                "ref": null,
                                "rules": Array [
                                  Object {
                                    "message": "Phone number is required",
                                    "required": true,
                                  },
                                  Object {
                                    "message": "Enter a valid phone number",
                                    "pattern": /\\^\\[\\(\\]\\?\\[0-9\\]\\{3\\}\\[\\)\\]\\?\\[-\\\\s\\\\\\.\\]\\?\\[0-9\\]\\{3\\}\\[-\\\\s\\\\\\.\\]\\?\\[0-9\\]\\{4,6\\}\\$/,
                                  },
                                ],
                                "trigger": "onChange",
                                "validate": Array [
                                  Object {
                                    "rules": Array [
                                      Object {
                                        "message": "Phone number is required",
                                        "required": true,
                                      },
                                      Object {
                                        "message": "Enter a valid phone number",
                                        "pattern": /\\^\\[\\(\\]\\?\\[0-9\\]\\{3\\}\\[\\)\\]\\?\\[-\\\\s\\\\\\.\\]\\?\\[0-9\\]\\{3\\}\\[-\\\\s\\\\\\.\\]\\?\\[0-9\\]\\{4,6\\}\\$/,
                                      },
                                    ],
                                    "trigger": Array [
                                      "onChange",
                                    ],
                                  },
                                ],
                                "valuePropName": "value",
                              }
                            }
                            disabled={false}
                            id="phone"
                            onChange={[Function]}
                            onKeyDown={[Function]}
                            style={null}
                            type="text"
                            value=""
                          />
                        </span>
                      </span>
                    </span>
                  </div>
                </div>
              </div>
            </div>
          </div>
          <div
            className="ant-row"
          >
            <div
              className="ant-col-xs-12 ant-col-sm-6 ant-col-lg-6"
              mg={6}
            >
              <div
                className="ant-row ant-form-item"
              >
                <div
                  className="ant-form-item-label"
                >
                  <label
                    className="ant-form-item-required"
                    htmlFor="password"
                    onClick={[Function]}
                    title="Password"
                  >
                    Password
                  </label>
                </div>
                <div
                  className="ant-form-item-control-wrapper"
                >
                  <div
                    className="ant-form-item-control"
                  >
                    <span
                      className="ant-form-item-children"
                    >
                      <span
                        className="ant-input-affix-wrapper"
                      >
                        <input
                          className="ant-input"
                          data-__field={
                            Object {
                              "name": "password",
                            }
                          }
                          data-__meta={
                            Object {
                              "initialValue": null,
                              "name": "password",
                              "originalProps": Object {
                                "disabled": false,
                                "onBlur": [Function],
                                "onChange": [Function],
                                "prefixCls": "ant-input",
                                "suffix": <Icon
                                  onClick={[Function]}
                                  type="eye"
                                />,
                                "type": "password",
                              },
                              "ref": null,
                              "rules": Array [
                                Object {
                                  "message": "Password is required",
                                  "required": true,
                                  "whitespace": true,
                                },
                                Object {
                                  "max": 16,
                                  "min": 8,
                                  "validator": [Function],
                                },
                              ],
                              "trigger": "onChange",
                              "validate": Array [
                                Object {
                                  "rules": Array [
                                    Object {
                                      "message": "Password is required",
                                      "required": true,
                                      "whitespace": true,
                                    },
                                    Object {
                                      "max": 16,
                                      "min": 8,
                                      "validator": [Function],
                                    },
                                  ],
                                  "trigger": Array [
                                    "onBlur",
                                  ],
                                },
                              ],
                              "validateTrigger": "onBlur",
                              "valuePropName": "value",
                            }
                          }
                          disabled={false}
                          id="password"
                          onBlur={[Function]}
                          onChange={[Function]}
                          onKeyDown={[Function]}
                          style={null}
                          type="password"
                          value=""
                        />
                        <span
                          className="ant-input-suffix"
                        >
                          <i
                            className="anticon anticon-eye"
                            onClick={[Function]}
                          />
                        </span>
                      </span>
                    </span>
                  </div>
                </div>
              </div>
            </div>
            <div
              className="ant-col-xs-12 ant-col-sm-6 ant-col-lg-6"
              mg={6}
            >
              <div
                className="ant-row ant-form-item"
              >
                <div
                  className="ant-form-item-label"
                >
                  <label
                    className="ant-form-item-required"
                    htmlFor="confirmNewPassword"
                    onClick={[Function]}
                    title="Confirm Password"
                  >
                    Confirm Password
                  </label>
                </div>
                <div
                  className="ant-form-item-control-wrapper"
                >
                  <div
                    className="ant-form-item-control"
                  >
                    <span
                      className="ant-form-item-children"
                    >
                      <span
                        className="ant-input-affix-wrapper"
                      >
                        <input
                          className="ant-input"
                          data-__field={
                            Object {
                              "name": "confirmNewPassword",
                            }
                          }
                          data-__meta={
                            Object {
                              "name": "confirmNewPassword",
                              "originalProps": Object {
                                "disabled": false,
                                "prefixCls": "ant-input",
                                "suffix": <Icon
                                  onClick={[Function]}
                                  type="eye"
                                />,
                                "type": "password",
                              },
                              "ref": null,
                              "rules": Array [
                                Object {
                                  "message": "Two passwords do not match",
                                  "required": true,
                                  "whitespace": true,
                                },
                                Object {
                                  "validator": [Function],
                                },
                              ],
                              "trigger": "onChange",
                              "validate": Array [
                                Object {
                                  "rules": Array [
                                    Object {
                                      "message": "Two passwords do not match",
                                      "required": true,
                                      "whitespace": true,
                                    },
                                    Object {
                                      "validator": [Function],
                                    },
                                  ],
                                  "trigger": Array [
                                    "onChange",
                                  ],
                                },
                              ],
                              "valuePropName": "value",
                            }
                          }
                          disabled={false}
                          id="confirmNewPassword"
                          onChange={[Function]}
                          onKeyDown={[Function]}
                          style={null}
                          type="password"
                          value=""
                        />
                        <span
                          className="ant-input-suffix"
                        >
                          <i
                            className="anticon anticon-eye"
                            onClick={[Function]}
                          />
                        </span>
                      </span>
                    </span>
                  </div>
                </div>
              </div>
            </div>
          </div>
        </div>
        <div>
          <div
            className="consumer-registration-form-item contract-brokerage"
          >
            <div
              className="ant-row ant-form-item"
            >
              <div
                className="ant-form-item-control-wrapper"
              >
                <div
                  className="ant-form-item-control has-success"
                >
                  <span
                    className="ant-form-item-children"
                  >
                    <p
                      className="consumer-registration-paragraph"
                    >
                      Are you currently under contract to a brokerage?
                    </p>
                    <div
                      className="ant-radio-group ant-radio-group-outline"
                      id="contractToBrokerage"
                    >
                      <label
                        className="ant-radio-wrapper ant-radio-wrapper-checked"
                      >
                        <span
                          className="ant-radio ant-radio-checked"
                          style={Object {}}
                        >
                          <input
                            checked={true}
                            className="ant-radio-input"
                            disabled={false}
                            onBlur={[Function]}
                            onChange={[Function]}
                            onFocus={[Function]}
                            type="radio"
                            value={false}
                          />
                          <span
                            className="ant-radio-inner"
                          />
                        </span>
                        <span>
                          No
                        </span>
                      </label>
                      <label
                        className="ant-radio-wrapper"
                      >
                        <span
                          className="ant-radio"
                          style={Object {}}
                        >
                          <input
                            checked={false}
                            className="ant-radio-input"
                            disabled={false}
                            onBlur={[Function]}
                            onChange={[Function]}
                            onFocus={[Function]}
                            type="radio"
                            value={true}
                          />
                          <span
                            className="ant-radio-inner"
                          />
                        </span>
                        <span>
                          Yes
                        </span>
                      </label>
                    </div>
                  </span>
                </div>
              </div>
            </div>
          </div>
        </div>
        <div
          className="consumer-registration-form-item"
        >
          <div
            className="ant-row ant-form-item"
          >
            <div
              className="ant-form-item-control-wrapper"
            >
              <div
                className="ant-form-item-control"
              >
                <span
                  className="ant-form-item-children"
                >
                  <p
                    className="consumer-registration-paragraph"
                  >
                    Are you looking to buy or sell?
                  </p>
                  <div
                    className="ant-radio-group ant-radio-group-outline"
                    id="lookingFor"
                  >
                    <label
                      className="ant-radio-wrapper"
                    >
                      <span
                        className="ant-radio"
                        style={Object {}}
                      >
                        <input
                          checked={false}
                          className="ant-radio-input"
                          disabled={false}
                          onBlur={[Function]}
                          onChange={[Function]}
                          onFocus={[Function]}
                          type="radio"
                          value="both"
                        />
                        <span
                          className="ant-radio-inner"
                        />
                      </span>
                      <span>
                        Both
                      </span>
                    </label>
                    <label
                      className="ant-radio-wrapper"
                    >
                      <span
                        className="ant-radio"
                        style={Object {}}
                      >
                        <input
                          checked={false}
                          className="ant-radio-input"
                          disabled={false}
                          onBlur={[Function]}
                          onChange={[Function]}
                          onFocus={[Function]}
                          type="radio"
                          value="buy"
                        />
                        <span
                          className="ant-radio-inner"
                        />
                      </span>
                      <span>
                        Buy
                      </span>
                    </label>
                    <label
                      className="ant-radio-wrapper"
                    >
                      <span
                        className="ant-radio"
                        style={Object {}}
                      >
                        <input
                          checked={false}
                          className="ant-radio-input"
                          disabled={false}
                          onBlur={[Function]}
                          onChange={[Function]}
                          onFocus={[Function]}
                          type="radio"
                          value="sell"
                        />
                        <span
                          className="ant-radio-inner"
                        />
                      </span>
                      <span>
                        Sell
                      </span>
                    </label>
                  </div>
                </span>
              </div>
            </div>
          </div>
        </div>
        <div
          className="consumer-registration-form-item"
        >
          <div
            className="ant-row ant-form-item"
          >
            <div
              className="ant-form-item-control-wrapper"
            >
              <div
                className="ant-form-item-control has-success"
              >
                <span
                  className="ant-form-item-children"
                >
                  <p
                    className="consumer-registration-paragraph"
                  >
                    When in the near future are you looking buy or sell?
                  </p>
                  <div
                    className="consumer-registration-select ant-select ant-select-enabled"
                    id="timeline"
                    onBlur={[Function]}
                    onClick={[Function]}
                    onFocus={[Function]}
                    onMouseDown={[Function]}
                    onTouchStart={[Function]}
                  >
                    <div
                      aria-autocomplete="list"
                      aria-expanded={false}
                      aria-haspopup="true"
                      className="ant-select-selection
            ant-select-selection--single"
                      data-__field={
                        Object {
                          "name": "timeline",
                          "value": 1,
                        }
                      }
                      data-__meta={
                        Object {
                          "name": "timeline",
                          "originalProps": Object {
                            "children": Array [
                              <Option
                                value={1}
                              >
                                0-3 months
                              </Option>,
                              <Option
                                value={2}
                              >
                                3-6 months
                              </Option>,
                              <Option
                                value={3}
                              >
                                6-9 months
                              </Option>,
                              <Option
                                value={4}
                              >
                                9-12 months
                              </Option>,
                              <Option
                                value={5}
                              >
                                12+ months
                              </Option>,
                            ],
                            "choiceTransitionName": "zoom",
                            "className": "consumer-registration-select",
                            "prefixCls": "ant-select",
                            "showSearch": false,
                            "transitionName": "slide-up",
                          },
                          "ref": null,
                          "trigger": "onChange",
                          "validate": Array [],
                          "valuePropName": "value",
                        }
                      }
                      onKeyDown={[Function]}
                      role="combobox"
                      tabIndex={0}
                    >
                      <div
                        className="ant-select-selection__rendered"
                      >
                        <div
                          className="ant-select-selection-selected-value"
                          style={
                            Object {
                              "display": "block",
                              "opacity": 1,
                            }
                          }
                          title="0-3 months"
                        >
                          0-3 months
                        </div>
                      </div>
                      <span
                        className="ant-select-arrow"
                        onClick={[Function]}
                        style={
                          Object {
                            "WebkitUserSelect": "none",
                            "userSelect": "none",
                          }
                        }
                        unselectable="on"
                      >
                        <b />
                      </span>
                    </div>
                  </div>
                </span>
              </div>
            </div>
          </div>
        </div>
        <div
          className="consumer-registration-form-item consumer-registration-form-checkboxes"
        >
          <div
            className="ant-row ant-form-item"
          >
            <div
              className="ant-form-item-control-wrapper"
            >
              <div
                className="ant-form-item-control"
              >
                <span
                  className="ant-form-item-children"
                >
                  <div
                    className="ant-checkbox-group"
                  >
                    <div
                      className="consumer-registration-accept-terms-group"
                    >
                      <label
                        className="ant-checkbox-wrapper"
                      >
                        <span
                          className="ant-checkbox"
                          style={Object {}}
                        >
                          <input
                            checked={false}
                            className="ant-checkbox-input"
                            onBlur={[Function]}
                            onChange={[Function]}
                            onFocus={[Function]}
                            type="checkbox"
                            value="accept_term"
                          />
                          <span
                            className="ant-checkbox-inner"
                          />
                        </span>
                        <span>
                          <div>
                            By checking this box you confirm that you have read and agree to the 
                            <span
                              className="accept-terms-link"
                            >
                              <a
                                href="https://corp.nobul.com/legal/terms-and-conditions/"
                                rel="noopener noreferrer"
                                target="_blank"
                              >
                                Terms of Service
                              </a>
                            </span>
                             and that you have read our Privacy Policy.
                          </div>
                        </span>
                      </label>
                    </div>
                  </div>
                  <div
                    className="ant-checkbox-group"
                  >
                    <div
                      className="consumer-registration-accept-terms-group"
                    >
                      <label
                        className="ant-checkbox-wrapper"
                      >
                        <span
                          className="ant-checkbox"
                          style={Object {}}
                        >
                          <input
                            checked={false}
                            className="ant-checkbox-input"
                            onBlur={[Function]}
                            onChange={[Function]}
                            onFocus={[Function]}
                            type="checkbox"
                            value="consent_for_news"
                          />
                          <span
                            className="ant-checkbox-inner"
                          />
                        </span>
                        <span>
                          <div>
                            I consent to receiving news and updates about nobul’s products and services. More information can be found in our 
                            <span
                              className="accept-terms-link"
                            >
                              <a
                                href="https://corp.nobul.com/legal/privacy-policy/"
                                rel="noopener noreferrer"
                                target="_blank"
                              >
                                Privacy Policy
                              </a>
                            </span>
                             or 
                            <span
                              className="accept-terms-link"
                            >
                              <a
                                href="https://corp.nobul.com/contact-us/"
                                rel="noopener noreferrer"
                                target="_blank"
                              >
                                Contact Us
                              </a>
                            </span>
                            . You may withdraw consent or unsubscribe at any time.
                          </div>
                        </span>
                      </label>
                    </div>
                  </div>
                </span>
              </div>
            </div>
          </div>
        </div>
        <div
          className="consumer-registration-button-group"
        >
          <div
            className="ant-row ant-form-item"
          >
            <div
              className="ant-form-item-control-wrapper"
            >
              <div
                className="ant-form-item-control"
              >
                <span
                  className="ant-form-item-children"
                >
                  <button
                    className="ant-btn consumer-registration-button-item button-next ant-btn-primary ant-btn-lg"
                    disabled={false}
                    onClick={[Function]}
                    type="submit"
                  >
                    <span>
                      Sign Up
                    </span>
                  </button>
                </span>
              </div>
            </div>
          </div>
        </div>
      </form>
    </div>
  </div>
</div>
`;
