// Jest Snapshot v1, https://goo.gl/fbAQLP

exports[`ConsumerJobDetailsViewOffer snapshot should match existing snapshot 1`] = `
<div>
  <h2>
    Bids on your Profile
  </h2>
  <div>
    <span
      className="bids"
    >
      1 Accepted Proposal
    </span>
  </div>
  <div>
    <Link
      replace={false}
      to="/consumerViewOfferDetails/buy/abc123"
    >
      <Button
        block={false}
        ghost={false}
        loading={false}
        prefixCls="ant-btn"
        type="primary"
      >
        View Proposal
      </Button>
    </Link>
  </div>
</div>
`;
