// Jest Snapshot v1, https://goo.gl/fbAQLP

exports[`ConsumerOfferAcceptOrReject Component Snapshot should match existing snapshot 1`] = `
<div
  className="modal-confirm"
>
  <div
    className="modal-confirm-text"
  >
    <p>
      You are about to decline the proposal.
    </p>
    <p>
      Are you sure you want to proceed?
    </p>
  </div>
  <div
    className="modal-confirm-button"
  >
    <button
      className="ant-btn googletag-consumer-decline-proposal ant-btn-primary"
      onClick={[Function]}
      type="button"
    >
      <span>
        Confirm
      </span>
    </button>
  </div>
</div>
`;
