// Jest Snapshot v1, https://goo.gl/fbAQLP

exports[`TextAreaField Component Component Snapshot should match stored snapshot 1`] = `
<div
  className="ant-row ant-form-item ant-form-item-no-colon"
>
  <div
    className="ant-form-item-control-wrapper"
  >
    <div
      className="ant-form-item-control"
    >
      <span
        className="ant-form-item-children"
      >
        <textarea
          className="ant-input"
          maxLength={100}
          onChange={[Function]}
          onKeyDown={[Function]}
          rows={4}
          style={Object {}}
        />
      </span>
    </div>
  </div>
</div>
`;
