// Jest Snapshot v1, https://goo.gl/fbAQLP

exports[`ConsumerHome Container Snapshot should match stored snapshot 1`] = `
<div>
  <div
    className="background home-page background--tint"
    style={
      Object {
        "backgroundColor": "",
        "backgroundImage": "url([object Object])",
      }
    }
  >
    <div
      className="background-content"
    >
      <h1
        className="homepage-title"
      >
        How can nobul help you?
      </h1>
      <div
        className="home-actions"
      >
        <div
          className="box box-home"
          onClick={[Function]}
        >
          <div
            className="box-icon blue"
          >
            <div
              className="box-icon-home"
            >
              <img
                className="primary-icon"
                src={
                  Object {
                    "default": "file-mock",
                  }
                }
              />
              <img
                className="hover-icon"
                src={
                  Object {
                    "default": "file-mock",
                  }
                }
              />
              <img
                className="check-icon"
                src={
                  Object {
                    "default": "file-mock",
                  }
                }
              />
            </div>
          </div>
          <h2>
            Buy or Sell
          </h2>
          <p>
            Find an agent who will help
          </p>
        </div>
        <div
          className="box box-home"
          onClick={[Function]}
        >
          <div
            className="box-icon purple"
          >
            <div
              className="box-icon-home"
            >
              <img
                className="primary-icon"
                src={
                  Object {
                    "default": "file-mock",
                  }
                }
              />
              <img
                className="hover-icon"
                src={
                  Object {
                    "default": "file-mock",
                  }
                }
              />
              <img
                className="check-icon"
                src={
                  Object {
                    "default": "file-mock",
                  }
                }
              />
            </div>
          </div>
          <h2>
            Browse Properties
          </h2>
          <p>
            See what is out there
          </p>
        </div>
        <div
          className="box box-home"
          onClick={[Function]}
        >
          <div
            className="box-icon yellow"
          >
            <div
              className="box-icon-home"
            >
              <img
                className="primary-icon"
                src={
                  Object {
                    "default": "file-mock",
                  }
                }
              />
              <img
                className="hover-icon"
                src={
                  Object {
                    "default": "file-mock",
                  }
                }
              />
              <img
                className="check-icon"
                src={
                  Object {
                    "default": "file-mock",
                  }
                }
              />
            </div>
          </div>
          <h2>
            Learning Center
          </h2>
          <p>
            Got questions? We have answers
          </p>
        </div>
      </div>
    </div>
  </div>
  <div
    className="proof-banner"
  >
    <div
      className="proof-banner__inner"
    >
      <h5
        className="proof-banner__text"
      >
        <p
          className="proof-banner__text-item"
        >
          Hundreds of licensed agents looking to help
        </p>
        <p
          className="proof-banner__text-item"
        >
          Thousands of active buyers and sellers
        </p>
        <p
          className="proof-banner__text-item"
        >
          200,000+ listings across North America
        </p>
      </h5>
      <div
        className="proof-banner__logos"
      >
        <img
          alt="narcity"
          className="proof-banner__logo proof-banner__logo--ctv"
          src={
            Object {
              "default": "file-mock",
            }
          }
        />
        <img
          alt="Toronto Star"
          className="proof-banner__logo proof-banner__logo--toronto-star"
          src={
            Object {
              "default": "file-mock",
            }
          }
        />
        <img
          alt="Bloomberg"
          className="proof-banner__logo proof-banner__logo--bloomberg"
          src={
            Object {
              "default": "file-mock",
            }
          }
        />
        <img
          alt="Financial Post"
          className="proof-banner__logo proof-banner__logo--financial-post"
          src={
            Object {
              "default": "file-mock",
            }
          }
        />
        <img
          alt="tech crunch"
          className="proof-banner__logo proof-banner__logo--globe-and-mail"
          src={
            Object {
              "default": "file-mock",
            }
          }
        />
        <img
          alt="citybizlist"
          className="proof-banner__logo proof-banner__logo--citybizlist"
          src={
            Object {
              "default": "file-mock",
            }
          }
        />
      </div>
    </div>
  </div>
</div>
`;
