// Jest Snapshot v1, https://goo.gl/fbAQLP

exports[`ConsumerOfferDetailsButtons Component Component Snapshot should match stored snapshot 1`] = `
<div
  className="accept-decline-buttons"
>
  <button
    action="reject"
    className="ant-btn decline-button ant-btn-lg"
    onClick={[Function]}
    type="button"
  >
    <span>
      Decline Proposal
    </span>
  </button>
  <button
    action="accept"
    className="ant-btn accept-button ant-btn-primary ant-btn-lg"
    onClick={[Function]}
    type="button"
  >
    <span>
      Accept Proposal
    </span>
  </button>
</div>
`;
