// Jest Snapshot v1, https://goo.gl/fbAQLP

exports[`AboutAgentcard Component Snapshot should match existing snapshot 1`] = `
<div
  className="ant-card about-agent-card ant-card-bordered"
>
  <div
    className="ant-card-body"
    style={Object {}}
  >
    <h2>
      About this agent
    </h2>
    <div
      className="flex"
    >
      <div
        className="about-agent-card-grid-item"
      >
        <img
          alt="Agent Image"
          className="about-agent-card-profile-image"
          src="fakeImage"
        />
      </div>
      <div
        className="about-agent-card-grid-item"
      >
        <p>
          fakeName
        </p>
        <p
          className="about-agent-card-brokerage"
        >
          fakeBrokerage
        </p>
      </div>
    </div>
  </div>
</div>
`;
