// Jest Snapshot v1, https://goo.gl/fbAQLP

exports[`AgentOfferCommission Component Snapshot should match stored snapshot 1`] = `
<div
  className="offer-commission"
>
  <div
    className="offer-commission__values"
  >
    <div
      className="ant-input-number"
      style={Object {}}
    >
      <div
        className="ant-input-number-handler-wrap"
      >
        <span
          aria-disabled={false}
          aria-label="Increase Value"
          className="ant-input-number-handler ant-input-number-handler-up "
          onMouseDown={[Function]}
          onMouseLeave={[Function]}
          onMouseUp={[Function]}
          onTouchCancel={[Function]}
          onTouchEnd={[Function]}
          onTouchMove={[Function]}
          onTouchStart={[Function]}
          role="button"
          unselectable="unselectable"
        >
          <span
            className="ant-input-number-handler-up-inner"
            onClick={[Function]}
            unselectable="unselectable"
          />
        </span>
        <span
          aria-disabled={false}
          aria-label="Decrease Value"
          className="ant-input-number-handler ant-input-number-handler-down "
          onMouseDown={[Function]}
          onMouseLeave={[Function]}
          onMouseUp={[Function]}
          onTouchCancel={[Function]}
          onTouchEnd={[Function]}
          onTouchMove={[Function]}
          onTouchStart={[Function]}
          role="button"
          unselectable="unselectable"
        >
          <span
            className="ant-input-number-handler-down-inner"
            onClick={[Function]}
            unselectable="unselectable"
          />
        </span>
      </div>
      <div
        aria-valuemin={-9007199254740991}
        aria-valuenow={1.2}
        className="ant-input-number-input-wrap"
        role="spinbutton"
      >
        <input
          autoComplete="off"
          className="ant-input-number-input"
          min={-9007199254740991}
          onBlur={[Function]}
          onChange={[Function]}
          onFocus={[Function]}
          onKeyDown={[Function]}
          onKeyUp={[Function]}
          onMouseUp={[Function]}
          required={false}
          step={0.25}
          value="1.20"
        />
      </div>
    </div>
    <span
      className="offer-commission__divider"
    >
      %
    </span>
    <div
      className="offer-commission__range"
    >
      1.48
    </div>
    <span
      className="offer-commission__divider"
    >
      -
    </span>
    <div
      className="offer-commission__range"
    >
      5.47
    </div>
    <span
      className="offer-commission__divider"
    >
      <span
        className="currency"
      >
        <span
          className="currency__identifier"
          dangerouslySetInnerHTML={
            Object {
              "__html": "<span class='currency__code'>CA</span>$",
            }
          }
        />
      </span>
    </span>
  </div>
  <button
    className="ant-btn offer-commission__button ant-btn-primary"
    onClick={[Function]}
    type="button"
  >
    <span>
      Calculate
    </span>
  </button>
</div>
`;
