// Jest Snapshot v1, https://goo.gl/fbAQLP

exports[`ConsumerJobCongratulations should match existing snapshot 1`] = `
<Modal
  cancelButtonDisabled={false}
  confirmLoading={false}
  footer={null}
  maskTransitionName="fade"
  okButtonDisabled={false}
  okType="primary"
  onCancel={[Function]}
  prefixCls="ant-modal"
  transitionName="zoom"
  visible={true}
  width={520}
>
  <div
    className="congratulations"
  >
    <div
      className="congratulations-image"
    >
      <img
        alt="CONGRATULATIONS"
        src="file-mock"
      />
    </div>
    <div
      className="congratulations-text"
    >
      <p
        className="congratulations-text-title"
      >
        CONGRATULATIONS
      </p>
      <p
        className="congratulations-text-content"
      >
        You have just created a posting.
      </p>
      <p
        className="congratulations-text-content"
      >
        An agent will soon be in touch with you.
      </p>
    </div>
  </div>
</Modal>
`;
