// Jest Snapshot v1, https://goo.gl/fbAQLP

exports[`Permission Denied Container Snapshot should match stored snapshot 1`] = `
<div
  className="permission-denied"
>
  <h1>
    Oops, you're not authorized to be here!
  </h1>
  <p>
    Some pages are restricted for consumers and agents, please double check you are logged in with the correct credentials.
  </p>
</div>
`;
