// Jest Snapshot v1, https://goo.gl/fbAQLP

exports[`AgentOfferList Component Render should match existing snapshot 1`] = `
<div
  className="offer-list"
>
  <div
    className="offer-list-filter"
  >
    <Select
      choiceTransitionName="zoom"
      defaultValue="date"
      onSelect={[Function]}
      prefixCls="ant-select"
      showSearch={false}
      transitionName="slide-up"
    >
      <Option
        value="date"
      >
        Sort by date
      </Option>
    </Select>
    <Select
      choiceTransitionName="zoom"
      className="offer-status-select"
      defaultValue="Offer Status"
      onChange={[Function]}
      prefixCls="ant-select"
      showSearch={false}
      transitionName="slide-up"
    >
      <Option
        key="showAll"
        value="showAll"
      >
        Show all
      </Option>
      <Option
        key="offerOpen"
        value="open"
      >
        Open
      </Option>
      <Option
        key="offerAccepted"
        value="accepted"
      >
        Accepted
      </Option>
      <Option
        key="offerRejected"
        value="rejected"
      >
        Declined
      </Option>
      <Option
        key="offerWithdrawn"
        value="withdrawn"
      >
        Withdrawn
      </Option>
      <Option
        key="offerPendingVerification"
        value="pendingVerification"
      >
        Pending Verification
      </Option>
    </Select>
  </div>
  <div
    className="agent-list"
  >
    <Connect(InjectIntl(AgentOfferItem))
      className="agent-list-item"
      isPremium={true}
      jobType="buy"
      offerDetail={
        Object {
          "status": "open",
        }
      }
      preventLoad={true}
    />
    <Connect(InjectIntl(AgentOfferItem))
      className="agent-list-item"
      isPremium={true}
      jobType="buy"
      offerDetail={
        Object {
          "status": "withdrawn",
        }
      }
      preventLoad={true}
    />
    <Connect(InjectIntl(AgentOfferItem))
      className="agent-list-item"
      isPremium={true}
      jobType="buy"
      offerDetail={
        Object {
          "status": "accepted",
        }
      }
      preventLoad={true}
    />
    <Connect(InjectIntl(AgentOfferItem))
      className="agent-list-item"
      isPremium={true}
      jobType="buy"
      offerDetail={
        Object {
          "status": "withdrawn",
        }
      }
      preventLoad={true}
    />
  </div>
</div>
`;
