// Jest Snapshot v1, https://goo.gl/fbAQLP

exports[`Page Currency component should match existing snapshot 1`] = `
<span
  className="currency"
>
  <span
    className="currency__identifier"
    dangerouslySetInnerHTML={
      Object {
        "__html": "<span class='currency__code'>US</span>$",
      }
    }
  />
  <span
    className="currency__value"
  >
    4,000,000.32
  </span>
</span>
`;
