// Jest Snapshot v1, https://goo.gl/fbAQLP

exports[`Listing Map Preview List Component Snapshot should match stored snapshot 1`] = `
<div
  className="preview-list"
>
  <div
    className="preview-list__scroll preview-list__scroll--top"
  >
    <div>
      <div
        className="ant-list ant-list-split"
      >
        <div
          className="ant-spin-nested-loading"
          style={null}
        >
          <div
            className="ant-spin-container"
          >
            <div
              className="ant-list-empty-text"
            >
              
            </div>
          </div>
        </div>
      </div>
    </div>
  </div>
</div>
`;
